[INFO] Scanning for projects...
[INFO] Loaded 23280 auto-discovered prefixes for remote repository central (prefixes-central.txt)
[INFO] 
[INFO] --------------------< com.teaching:teaching-system >--------------------
[INFO] Building teaching-system 1.0.0
[INFO]   from pom.xml
[INFO] --------------------------------[ jar ]---------------------------------
[INFO] Loaded 74 auto-discovered prefixes for remote repository apache.snapshots (prefixes-apache.snapshots.txt)
[WARNING] Could not transfer metadata /.meta/prefixes.txt from/to spring-release (https://repo.spring.io/release): HTTP Status: 401
[INFO] 
[INFO] --- clean:3.4.1:clean (default-clean) @ teaching-system ---
[INFO] Deleting E:\иу5\teaching-system\backend\target
[INFO] 
[INFO] --- resources:3.3.1:resources (default-resources) @ teaching-system ---
[INFO] Copying 1 resource from src\main\resources to target\classes
[INFO] Copying 0 resource from src\main\resources to target\classes
[INFO] 
[INFO] --- compiler:3.14.0:compile (default-compile) @ teaching-system ---
[INFO] Recompiling the module because of changed source code.
[INFO] Compiling 24 source files with javac [debug parameters release 25] to target\classes
[INFO] /E:/иу5/teaching-system/backend/src/main/java/com/teaching/system/websocket/ChatWebSocketHandler.java: ?????????????????????
[INFO] /E:/иу5/teaching-system/backend/src/main/java/com/teaching/system/websocket/ChatWebSocketHandler.java: ??????, ??? -Xlint:unchecked ?????
[INFO] -------------------------------------------------------------
[ERROR] COMPILATION ERROR : 
[INFO] -------------------------------------------------------------
[ERROR] /E:/иу5/teaching-system/backend/src/main/java/com/teaching/system/config/JwtAuthFilter.java:[20,27] ?? jwtUtil ???????????
[ERROR] /E:/иу5/teaching-system/backend/src/main/java/com/teaching/system/websocket/ChatWebSocketHandler.java:[50,12] ?????
  ??:   ?? setSenderId(java.lang.Long)
  ??: ???com.teaching.system.entity.Message??? msg
[ERROR] /E:/иу5/teaching-system/backend/src/main/java/com/teaching/system/websocket/ChatWebSocketHandler.java:[51,12] ?????
  ??:   ?? setReceiverId(java.lang.Long)
  ??: ???com.teaching.system.entity.Message??? msg
[ERROR] /E:/иу5/teaching-system/backend/src/main/java/com/teaching/system/websocket/ChatWebSocketHandler.java:[52,12] ?????
  ??:   ?? setContent(java.lang.String)
  ??: ???com.teaching.system.entity.Message??? msg
[ERROR] /E:/иу5/teaching-system/backend/src/main/java/com/teaching/system/websocket/ChatWebSocketHandler.java:[53,12] ?????
  ??:   ?? setFilePath(java.lang.String)
  ??: ???com.teaching.system.entity.Message??? msg
[ERROR] /E:/иу5/teaching-system/backend/src/main/java/com/teaching/system/websocket/ChatWebSocketHandler.java:[54,12] ?????
  ??:   ?? setFileName(java.lang.String)
  ??: ???com.teaching.system.entity.Message??? msg
[ERROR] /E:/иу5/teaching-system/backend/src/main/java/com/teaching/system/websocket/ChatWebSocketHandler.java:[55,12] ?????
  ??:   ?? setFileType(java.lang.String)
  ??: ???com.teaching.system.entity.Message??? msg
[ERROR] /E:/иу5/teaching-system/backend/src/main/java/com/teaching/system/controller/AuthController.java:[28,51] ?????
  ??:   ?? getUsername()
  ??: ???com.teaching.system.dto.LoginRequest??? req
[ERROR] /E:/иу5/teaching-system/backend/src/main/java/com/teaching/system/controller/AuthController.java:[28,70] ?????
  ??:   ?? getPassword()
  ??: ???com.teaching.system.dto.LoginRequest??? req
[ERROR] /E:/иу5/teaching-system/backend/src/main/java/com/teaching/system/service/UserService.java:[22,16] ?????
  ??:   ?? getPassword()
  ??: ???com.teaching.system.dto.RegisterRequest??? req
[ERROR] /E:/иу5/teaching-system/backend/src/main/java/com/teaching/system/service/UserService.java:[23,17] ?????
  ??:   ?? getPassword()
  ??: ???com.teaching.system.dto.RegisterRequest??? req
[ERROR] /E:/иу5/teaching-system/backend/src/main/java/com/teaching/system/service/UserService.java:[24,17] ?????
  ??:   ?? getPassword()
  ??: ???com.teaching.system.dto.RegisterRequest??? req
[ERROR] /E:/иу5/teaching-system/backend/src/main/java/com/teaching/system/service/UserService.java:[27,73] ?????
  ??:   ?? getUsername()
  ??: ???com.teaching.system.dto.RegisterRequest??? req
[ERROR] /E:/иу5/teaching-system/backend/src/main/java/com/teaching/system/service/UserService.java:[27,51] ??????
  ?????
    ??:   ?? getUsername()
    ??: ? com.teaching.system.entity.User
[ERROR] /E:/иу5/teaching-system/backend/src/main/java/com/teaching/system/service/UserService.java:[31,29] ?????
  ??:   ?? getUsername()
  ??: ???com.teaching.system.dto.RegisterRequest??? req
[ERROR] /E:/иу5/teaching-system/backend/src/main/java/com/teaching/system/service/UserService.java:[32,56] ?????
  ??:   ?? getPassword()
  ??: ???com.teaching.system.dto.RegisterRequest??? req
[ERROR] /E:/иу5/teaching-system/backend/src/main/java/com/teaching/system/service/UserService.java:[33,25] ?????
  ??:   ?? getRole()
  ??: ???com.teaching.system.dto.RegisterRequest??? req
[ERROR] /E:/иу5/teaching-system/backend/src/main/java/com/teaching/system/service/UserService.java:[40,51] ??????
  ?????
    ??:   ?? getUsername()
    ??: ? com.teaching.system.entity.User
[ERROR] /E:/иу5/teaching-system/backend/src/main/java/com/teaching/system/service/UserService.java:[42,52] ?????
  ??:   ?? getPasswordHash()
  ??: ???com.teaching.system.entity.User??? user
[ERROR] /E:/иу5/teaching-system/backend/src/main/java/com/teaching/system/service/UserService.java:[44,50] ?????
  ??:   ?? getId()
  ??: ???com.teaching.system.entity.User??? user
[ERROR] /E:/иу5/teaching-system/backend/src/main/java/com/teaching/system/service/UserService.java:[44,64] ?????
  ??:   ?? getUsername()
  ??: ???com.teaching.system.entity.User??? user
[ERROR] /E:/иу5/teaching-system/backend/src/main/java/com/teaching/system/service/UserService.java:[44,84] ?????
  ??:   ?? getRole()
  ??: ???com.teaching.system.entity.User??? user
[ERROR] /E:/иу5/teaching-system/backend/src/main/java/com/teaching/system/service/UserService.java:[45,79] ?????
  ??:   ?? getRole()
  ??: ???com.teaching.system.entity.User??? user
[ERROR] /E:/иу5/teaching-system/backend/src/main/java/com/teaching/system/service/UserService.java:[45,59] ?????
  ??:   ?? getUsername()
  ??: ???com.teaching.system.entity.User??? user
[ERROR] /E:/иу5/teaching-system/backend/src/main/java/com/teaching/system/service/UserService.java:[45,45] ?????
  ??:   ?? getId()
  ??: ???com.teaching.system.entity.User??? user
[ERROR] /E:/иу5/teaching-system/backend/src/main/java/com/teaching/system/controller/StudentController.java:[29,64] ??????
  ?????
    ??:   ?? getCreatedAt()
    ??: ? com.teaching.system.entity.Exercise
[ERROR] /E:/иу5/teaching-system/backend/src/main/java/com/teaching/system/controller/StudentController.java:[40,51] ?????
  ??:   ?? getQuestion()
  ??: ???com.teaching.system.entity.Exercise??? exercise
[ERROR] /E:/иу5/teaching-system/backend/src/main/java/com/teaching/system/controller/StudentController.java:[42,34] ?????
  ??:   ?? getStandardAnswerPoints()
  ??: ???com.teaching.system.entity.Exercise??? exercise
[ERROR] /E:/иу5/teaching-system/backend/src/main/java/com/teaching/system/controller/StudentController.java:[46,19] ?????
  ??:   ?? setExerciseId(java.lang.Long)
  ??: ???com.teaching.system.entity.ExamRecord??? record
[ERROR] /E:/иу5/teaching-system/backend/src/main/java/com/teaching/system/controller/StudentController.java:[47,19] ?????
  ??:   ?? setStudentId(java.lang.Long)
  ??: ???com.teaching.system.entity.ExamRecord??? record
[ERROR] /E:/иу5/teaching-system/backend/src/main/java/com/teaching/system/controller/StudentController.java:[48,40] ?????
  ??:   ?? getQuestion()
  ??: ???com.teaching.system.entity.Exercise??? exercise
[ERROR] /E:/иу5/teaching-system/backend/src/main/java/com/teaching/system/controller/StudentController.java:[49,19] ?????
  ??:   ?? setStudentAnswer(java.lang.String)
  ??: ???com.teaching.system.entity.ExamRecord??? record
[ERROR] /E:/иу5/teaching-system/backend/src/main/java/com/teaching/system/controller/StudentController.java:[50,19] ?????
  ??:   ?? setStepScores(java.lang.String)
  ??: ???com.teaching.system.entity.ExamRecord??? record
[ERROR] /E:/иу5/teaching-system/backend/src/main/java/com/teaching/system/controller/StudentController.java:[51,19] ?????
  ??:   ?? setLogicScore(java.lang.Double)
  ??: ???com.teaching.system.entity.ExamRecord??? record
[ERROR] /E:/иу5/teaching-system/backend/src/main/java/com/teaching/system/controller/StudentController.java:[52,19] ?????
  ??:   ?? setTotalScore(java.lang.Double)
  ??: ???com.teaching.system.entity.ExamRecord??? record
[ERROR] /E:/иу5/teaching-system/backend/src/main/java/com/teaching/system/controller/StudentController.java:[53,19] ?????
  ??:   ?? setFeedback(java.lang.String)
  ??: ???com.teaching.system.entity.ExamRecord??? record
[ERROR] /E:/иу5/teaching-system/backend/src/main/java/com/teaching/system/controller/StudentController.java:[54,19] ?????
  ??:   ?? setWeakTags(java.lang.String)
  ??: ???com.teaching.system.entity.ExamRecord??? record
[ERROR] /E:/иу5/teaching-system/backend/src/main/java/com/teaching/system/controller/StudentController.java:[65,29] ??????
  ?????
    ??:   ?? getStudentId()
    ??: ? com.teaching.system.entity.ExamRecord
[ERROR] /E:/иу5/teaching-system/backend/src/main/java/com/teaching/system/controller/StudentController.java:[66,38] ??????
  ?????
    ??:   ?? getCreatedAt()
    ??: ? com.teaching.system.entity.ExamRecord
[ERROR] /E:/иу5/teaching-system/backend/src/main/java/com/teaching/system/controller/StudentController.java:[73,57] ??????
  ?????
    ??:   ?? getStudentId()
    ??: ? com.teaching.system.entity.ExamRecord
[ERROR] /E:/иу5/teaching-system/backend/src/main/java/com/teaching/system/controller/StudentController.java:[76,18] ?????
  ??:   ?? getWeakTags()
  ??: ???com.teaching.system.entity.ExamRecord??? r
[ERROR] /E:/иу5/teaching-system/backend/src/main/java/com/teaching/system/controller/StudentController.java:[78,61] ?????
  ??:   ?? getWeakTags()
  ??: ???com.teaching.system.entity.ExamRecord??? r
[ERROR] /E:/иу5/teaching-system/backend/src/main/java/com/teaching/system/controller/TeacherController.java:[54,17] ?????
  ??:   ?? setTeacherId(java.lang.Long)
  ??: ???com.teaching.system.entity.Exercise??? exercise
[ERROR] /E:/иу5/teaching-system/backend/src/main/java/com/teaching/system/controller/TeacherController.java:[55,17] ?????
  ??:   ?? setQuestion(java.lang.String)
  ??: ???com.teaching.system.entity.Exercise??? exercise
[ERROR] /E:/иу5/teaching-system/backend/src/main/java/com/teaching/system/controller/TeacherController.java:[56,17] ?????
  ??:   ?? setTotalMaxScore(java.lang.Double)
  ??: ???com.teaching.system.entity.Exercise??? exercise
[ERROR] /E:/иу5/teaching-system/backend/src/main/java/com/teaching/system/controller/TeacherController.java:[58,21] ?????
  ??:   ?? setStandardAnswerPoints(java.lang.String)
  ??: ???com.teaching.system.entity.Exercise??? exercise
[ERROR] /E:/иу5/teaching-system/backend/src/main/java/com/teaching/system/controller/TeacherController.java:[59,41] ?????
  ??:   ?? setStandardAnswerPoints(java.lang.String)
  ??: ???com.teaching.system.entity.Exercise??? exercise
[ERROR] /E:/иу5/teaching-system/backend/src/main/java/com/teaching/system/controller/TeacherController.java:[67,64] ??????
  ?????
    ??:   ?? getCreatedAt()
    ??: ? com.teaching.system.entity.Exercise
[ERROR] /E:/иу5/teaching-system/backend/src/main/java/com/teaching/system/controller/TeacherController.java:[76,66] ??????
  ?????
    ??:   ?? getCreatedAt()
    ??: ? com.teaching.system.entity.ExamRecord
[INFO] 49 errors 
[INFO] -------------------------------------------------------------
[INFO] ------------------------------------------------------------------------
[INFO] BUILD FAILURE
[INFO] ------------------------------------------------------------------------
[INFO] Total time:  5.516 s
[INFO] Finished at: 2026-07-18T11:49:41+08:00
[INFO] ------------------------------------------------------------------------
[ERROR] Failed to execute goal org.apache.maven.plugins:maven-compiler-plugin:3.14.0:compile (default-compile) on project teaching-system: Compilation failure: Compilation failure: 
[ERROR] /E:/иу5/teaching-system/backend/src/main/java/com/teaching/system/config/JwtAuthFilter.java:[20,27] ?? jwtUtil ???????????
[ERROR] /E:/иу5/teaching-system/backend/src/main/java/com/teaching/system/websocket/ChatWebSocketHandler.java:[50,12] ?????
[ERROR]   ??:   ?? setSenderId(java.lang.Long)
[ERROR]   ??: ???com.teaching.system.entity.Message??? msg
[ERROR] /E:/иу5/teaching-system/backend/src/main/java/com/teaching/system/websocket/ChatWebSocketHandler.java:[51,12] ?????
[ERROR]   ??:   ?? setReceiverId(java.lang.Long)
[ERROR]   ??: ???com.teaching.system.entity.Message??? msg
[ERROR] /E:/иу5/teaching-system/backend/src/main/java/com/teaching/system/websocket/ChatWebSocketHandler.java:[52,12] ?????
[ERROR]   ??:   ?? setContent(java.lang.String)
[ERROR]   ??: ???com.teaching.system.entity.Message??? msg
[ERROR] /E:/иу5/teaching-system/backend/src/main/java/com/teaching/system/websocket/ChatWebSocketHandler.java:[53,12] ?????
[ERROR]   ??:   ?? setFilePath(java.lang.String)
[ERROR]   ??: ???com.teaching.system.entity.Message??? msg
[ERROR] /E:/иу5/teaching-system/backend/src/main/java/com/teaching/system/websocket/ChatWebSocketHandler.java:[54,12] ?????
[ERROR]   ??:   ?? setFileName(java.lang.String)
[ERROR]   ??: ???com.teaching.system.entity.Message??? msg
[ERROR] /E:/иу5/teaching-system/backend/src/main/java/com/teaching/system/websocket/ChatWebSocketHandler.java:[55,12] ?????
[ERROR]   ??:   ?? setFileType(java.lang.String)
[ERROR]   ??: ???com.teaching.system.entity.Message??? msg
[ERROR] /E:/иу5/teaching-system/backend/src/main/java/com/teaching/system/controller/AuthController.java:[28,51] ?????
[ERROR]   ??:   ?? getUsername()
[ERROR]   ??: ???com.teaching.system.dto.LoginRequest??? req
[ERROR] /E:/иу5/teaching-system/backend/src/main/java/com/teaching/system/controller/AuthController.java:[28,70] ?????
[ERROR]   ??:   ?? getPassword()
[ERROR]   ??: ???com.teaching.system.dto.LoginRequest??? req
[ERROR] /E:/иу5/teaching-system/backend/src/main/java/com/teaching/system/service/UserService.java:[22,16] ?????
[ERROR]   ??:   ?? getPassword()
[ERROR]   ??: ???com.teaching.system.dto.RegisterRequest??? req
[ERROR] /E:/иу5/teaching-system/backend/src/main/java/com/teaching/system/service/UserService.java:[23,17] ?????
[ERROR]   ??:   ?? getPassword()
[ERROR]   ??: ???com.teaching.system.dto.RegisterRequest??? req
[ERROR] /E:/иу5/teaching-system/backend/src/main/java/com/teaching/system/service/UserService.java:[24,17] ?????
[ERROR]   ??:   ?? getPassword()
[ERROR]   ??: ???com.teaching.system.dto.RegisterRequest??? req
[ERROR] /E:/иу5/teaching-system/backend/src/main/java/com/teaching/system/service/UserService.java:[27,73] ?????
[ERROR]   ??:   ?? getUsername()
[ERROR]   ??: ???com.teaching.system.dto.RegisterRequest??? req
[ERROR] /E:/иу5/teaching-system/backend/src/main/java/com/teaching/system/service/UserService.java:[27,51] ??????
[ERROR]   ?????
[ERROR]     ??:   ?? getUsername()
[ERROR]     ??: ? com.teaching.system.entity.User
[ERROR] /E:/иу5/teaching-system/backend/src/main/java/com/teaching/system/service/UserService.java:[31,29] ?????
[ERROR]   ??:   ?? getUsername()
[ERROR]   ??: ???com.teaching.system.dto.RegisterRequest??? req
[ERROR] /E:/иу5/teaching-system/backend/src/main/java/com/teaching/system/service/UserService.java:[32,56] ?????
[ERROR]   ??:   ?? getPassword()
[ERROR]   ??: ???com.teaching.system.dto.RegisterRequest??? req
[ERROR] /E:/иу5/teaching-system/backend/src/main/java/com/teaching/system/service/UserService.java:[33,25] ?????
[ERROR]   ??:   ?? getRole()
[ERROR]   ??: ???com.teaching.system.dto.RegisterRequest??? req
[ERROR] /E:/иу5/teaching-system/backend/src/main/java/com/teaching/system/service/UserService.java:[40,51] ??????
[ERROR]   ?????
[ERROR]     ??:   ?? getUsername()
[ERROR]     ??: ? com.teaching.system.entity.User
[ERROR] /E:/иу5/teaching-system/backend/src/main/java/com/teaching/system/service/UserService.java:[42,52] ?????
[ERROR]   ??:   ?? getPasswordHash()
[ERROR]   ??: ???com.teaching.system.entity.User??? user
[ERROR] /E:/иу5/teaching-system/backend/src/main/java/com/teaching/system/service/UserService.java:[44,50] ?????
[ERROR]   ??:   ?? getId()
[ERROR]   ??: ???com.teaching.system.entity.User??? user
[ERROR] /E:/иу5/teaching-system/backend/src/main/java/com/teaching/system/service/UserService.java:[44,64] ?????
[ERROR]   ??:   ?? getUsername()
[ERROR]   ??: ???com.teaching.system.entity.User??? user
[ERROR] /E:/иу5/teaching-system/backend/src/main/java/com/teaching/system/service/UserService.java:[44,84] ?????
[ERROR]   ??:   ?? getRole()
[ERROR]   ??: ???com.teaching.system.entity.User??? user
[ERROR] /E:/иу5/teaching-system/backend/src/main/java/com/teaching/system/service/UserService.java:[45,79] ?????
[ERROR]   ??:   ?? getRole()
[ERROR]   ??: ???com.teaching.system.entity.User??? user
[ERROR] /E:/иу5/teaching-system/backend/src/main/java/com/teaching/system/service/UserService.java:[45,59] ?????
[ERROR]   ??:   ?? getUsername()
[ERROR]   ??: ???com.teaching.system.entity.User??? user
[ERROR] /E:/иу5/teaching-system/backend/src/main/java/com/teaching/system/service/UserService.java:[45,45] ?????
[ERROR]   ??:   ?? getId()
[ERROR]   ??: ???com.teaching.system.entity.User??? user
[ERROR] /E:/иу5/teaching-system/backend/src/main/java/com/teaching/system/controller/StudentController.java:[29,64] ??????
[ERROR]   ?????
[ERROR]     ??:   ?? getCreatedAt()
[ERROR]     ??: ? com.teaching.system.entity.Exercise
[ERROR] /E:/иу5/teaching-system/backend/src/main/java/com/teaching/system/controller/StudentController.java:[40,51] ?????
[ERROR]   ??:   ?? getQuestion()
[ERROR]   ??: ???com.teaching.system.entity.Exercise??? exercise
[ERROR] /E:/иу5/teaching-system/backend/src/main/java/com/teaching/system/controller/StudentController.java:[42,34] ?????
[ERROR]   ??:   ?? getStandardAnswerPoints()
[ERROR]   ??: ???com.teaching.system.entity.Exercise??? exercise
[ERROR] /E:/иу5/teaching-system/backend/src/main/java/com/teaching/system/controller/StudentController.java:[46,19] ?????
[ERROR]   ??:   ?? setExerciseId(java.lang.Long)
[ERROR]   ??: ???com.teaching.system.entity.ExamRecord??? record
[ERROR] /E:/иу5/teaching-system/backend/src/main/java/com/teaching/system/controller/StudentController.java:[47,19] ?????
[ERROR]   ??:   ?? setStudentId(java.lang.Long)
[ERROR]   ??: ???com.teaching.system.entity.ExamRecord??? record
[ERROR] /E:/иу5/teaching-system/backend/src/main/java/com/teaching/system/controller/StudentController.java:[48,40] ?????
[ERROR]   ??:   ?? getQuestion()
[ERROR]   ??: ???com.teaching.system.entity.Exercise??? exercise
[ERROR] /E:/иу5/teaching-system/backend/src/main/java/com/teaching/system/controller/StudentController.java:[49,19] ?????
[ERROR]   ??:   ?? setStudentAnswer(java.lang.String)
[ERROR]   ??: ???com.teaching.system.entity.ExamRecord??? record
[ERROR] /E:/иу5/teaching-system/backend/src/main/java/com/teaching/system/controller/StudentController.java:[50,19] ?????
[ERROR]   ??:   ?? setStepScores(java.lang.String)
[ERROR]   ??: ???com.teaching.system.entity.ExamRecord??? record
[ERROR] /E:/иу5/teaching-system/backend/src/main/java/com/teaching/system/controller/StudentController.java:[51,19] ?????
[ERROR]   ??:   ?? setLogicScore(java.lang.Double)
[ERROR]   ??: ???com.teaching.system.entity.ExamRecord??? record
[ERROR] /E:/иу5/teaching-system/backend/src/main/java/com/teaching/system/controller/StudentController.java:[52,19] ?????
[ERROR]   ??:   ?? setTotalScore(java.lang.Double)
[ERROR]   ??: ???com.teaching.system.entity.ExamRecord??? record
[ERROR] /E:/иу5/teaching-system/backend/src/main/java/com/teaching/system/controller/StudentController.java:[53,19] ?????
[ERROR]   ??:   ?? setFeedback(java.lang.String)
[ERROR]   ??: ???com.teaching.system.entity.ExamRecord??? record
[ERROR] /E:/иу5/teaching-system/backend/src/main/java/com/teaching/system/controller/StudentController.java:[54,19] ?????
[ERROR]   ??:   ?? setWeakTags(java.lang.String)
[ERROR]   ??: ???com.teaching.system.entity.ExamRecord??? record
[ERROR] /E:/иу5/teaching-system/backend/src/main/java/com/teaching/system/controller/StudentController.java:[65,29] ??????
[ERROR]   ?????
[ERROR]     ??:   ?? getStudentId()
[ERROR]     ??: ? com.teaching.system.entity.ExamRecord
[ERROR] /E:/иу5/teaching-system/backend/src/main/java/com/teaching/system/controller/StudentController.java:[66,38] ??????
[ERROR]   ?????
[ERROR]     ??:   ?? getCreatedAt()
[ERROR]     ??: ? com.teaching.system.entity.ExamRecord
[ERROR] /E:/иу5/teaching-system/backend/src/main/java/com/teaching/system/controller/StudentController.java:[73,57] ??????
[ERROR]   ?????
[ERROR]     ??:   ?? getStudentId()
[ERROR]     ??: ? com.teaching.system.entity.ExamRecord
[ERROR] /E:/иу5/teaching-system/backend/src/main/java/com/teaching/system/controller/StudentController.java:[76,18] ?????
[ERROR]   ??:   ?? getWeakTags()
[ERROR]   ??: ???com.teaching.system.entity.ExamRecord??? r
[ERROR] /E:/иу5/teaching-system/backend/src/main/java/com/teaching/system/controller/StudentController.java:[78,61] ?????
[ERROR]   ??:   ?? getWeakTags()
[ERROR]   ??: ???com.teaching.system.entity.ExamRecord??? r
[ERROR] /E:/иу5/teaching-system/backend/src/main/java/com/teaching/system/controller/TeacherController.java:[54,17] ?????
[ERROR]   ??:   ?? setTeacherId(java.lang.Long)
[ERROR]   ??: ???com.teaching.system.entity.Exercise??? exercise
[ERROR] /E:/иу5/teaching-system/backend/src/main/java/com/teaching/system/controller/TeacherController.java:[55,17] ?????
[ERROR]   ??:   ?? setQuestion(java.lang.String)
[ERROR]   ??: ???com.teaching.system.entity.Exercise??? exercise
[ERROR] /E:/иу5/teaching-system/backend/src/main/java/com/teaching/system/controller/TeacherController.java:[56,17] ?????
[ERROR]   ??:   ?? setTotalMaxScore(java.lang.Double)
[ERROR]   ??: ???com.teaching.system.entity.Exercise??? exercise
[ERROR] /E:/иу5/teaching-system/backend/src/main/java/com/teaching/system/controller/TeacherController.java:[58,21] ?????
[ERROR]   ??:   ?? setStandardAnswerPoints(java.lang.String)
[ERROR]   ??: ???com.teaching.system.entity.Exercise??? exercise
[ERROR] /E:/иу5/teaching-system/backend/src/main/java/com/teaching/system/controller/TeacherController.java:[59,41] ?????
[ERROR]   ??:   ?? setStandardAnswerPoints(java.lang.String)
[ERROR]   ??: ???com.teaching.system.entity.Exercise??? exercise
[ERROR] /E:/иу5/teaching-system/backend/src/main/java/com/teaching/system/controller/TeacherController.java:[67,64] ??????
[ERROR]   ?????
[ERROR]     ??:   ?? getCreatedAt()
[ERROR]     ??: ? com.teaching.system.entity.Exercise
[ERROR] /E:/иу5/teaching-system/backend/src/main/java/com/teaching/system/controller/TeacherController.java:[76,66] ??????
[ERROR]   ?????
[ERROR]     ??:   ?? getCreatedAt()
[ERROR]     ??: ? com.teaching.system.entity.ExamRecord
[ERROR] -> [Help 1]
[ERROR] 
[ERROR] To see the full stack trace of the errors, re-run Maven with the -e switch.
[ERROR] Re-run Maven using the -X switch to enable full debug logging.
[ERROR] 
[ERROR] For more information about the errors and possible solutions, please read the following articles:
[ERROR] [Help 1] http://cwiki.apache.org/confluence/display/MAVEN/MojoFailureException
